{
  "discounts": [
    {
      "description": "3 for 2",
      "discountAmount": 0.9900000000000002,
      "product": {
        "name": "toothbrush",
        "unit": 1
      }
    }
  ],
  "items": [
    {
      "price": 0.99,
      "product": {
        "name": "toothbrush",
        "unit": 1
      },
      "quantity": 4,
      "totalPrice": 3.96
    },
    {
      "price": 1.99,
      "product": {
        "name": "apples",
        "unit": 0
      },
      "quantity": 2.5,
      "totalPrice": 4.975
    }
  ]
}
