{
  "discounts": [
    {
      "description": "2 for 1",
      "discountAmount": 9.98,
      "product": {
        "name": "coffee",
        "unit": 1
      }
    }
  ],
  "items": [
    {
      "price": 4.99,
      "product": {
        "name": "coffee",
        "unit": 1
      },
      "quantity": 2,
      "totalPrice": 9.98
    },
    {
      "price": 2.99,
      "product": {
        "name": "milk",
        "unit": 1
      },
      "quantity": 1,
      "totalPrice": 2.99
    }
  ]
}
